// Jest Snapshot v1, https://goo.gl/fbAQLP

exports[`Given a DetailsPage component When it's instantiated Then it should match the screenshoot 1`] = `
Array [
  <section
    className="sc-gsnTZi cUELPY"
    data-testid="section"
  >
    <img
      alt="backgroundImage"
      className="hero__image"
      height="200px"
      src="/images/detailsHeader.jpg"
      width="100vw"
    />
    <div
      className="hero-container"
    >
      <p
        className="hero-container__sentence"
      >
        “We look up at the same starts and see such diferent things.”(Jon Snow)
      </p>
    </div>
  </section>,
  <section
    className="sc-bczRLJ gOLlQd"
  >
    <div
      className="image-container"
    >
      <img
        alt=""
        className="details__image"
        height={320}
        src=""
        width={250}
      />
    </div>
    <article
      className="details__info-container"
    >
      <h3
        className="details__info-element-title"
      >
         
      </h3>
      <p
        className="details__info-element"
      >
         
      </p>
      <span
        className="details__info-element"
      >
        <span
          className="details__info-element--title"
        >
          Category: 
        </span>
      </span>
      <span
        className="details__info-element"
      >
        <span
          className="details__info-element--title"
        >
          Company: 
        </span>
      </span>
      <span
        className="details__info-element--owner"
      >
        <span
          className="details__info-element--title"
        >
          Created by: 
        </span>
      </span>
      <button
        className="button-delete"
        onClick={[Function]}
      >
        Delete
      </button>
    </article>
  </section>,
]
`;
