// Jest Snapshot v1, https://goo.gl/fbAQLP

exports[`Given a Home Page component When it's instantiated Then it should match the html from Home page 1`] = `
<div
  className="sc-hKMtZM iMoGjk"
>
  <div
    className="Toastify"
  />
  <section
    className="sc-bczRLJ dVNtAm"
    data-testid="section"
  >
    <img
      alt="backgroundImage"
      className="hero__image"
      height="200px"
      src="images/home.webp"
      width="100vw"
    />
    <div
      className="hero-container"
    >
      <p
        className="hero-container__sentence"
      >
        Cuanto más te acerques a la luz, mayor será tu sombra (Kingdom Hearts)
      </p>
    </div>
  </section>
  <h2
    className="games-list__title"
  >
    Comunity Games
  </h2>
  <section
    className="sc-dkzDqf iZklhZ"
  >
    <ul
      className="games-list"
    />
  </section>
  <section
    className="sc-eCYdqJ dFhFLD"
  >
    <img
      alt="Video Game characters riding birds running on a field"
      className="join-us__image"
      height="300px"
      src="/images/joinComunity.jpg"
      width="320px"
    />
    <div
      className="join-us__info-container"
    >
      <h3
        className="join-us__title"
      >
        Join the community!
      </h3>
      <p
        className="join-us__text"
      >
        Become a soldier of the GameHouse Army. Make your own reviews and give and receive feedback from other soldiers!
      </p>
      <button
        className="join-us__button"
      >
        <a
          className="join-us__navigate"
          href="/register"
          onClick={[Function]}
        >
          Sign Up
        </a>
      </button>
      <button
        className="join-us__button"
      >
        <a
          className="join-us__navigate"
          href="/login"
          onClick={[Function]}
        >
          Sign In
        </a>
      </button>
    </div>
  </section>
</div>
`;
