// Jest Snapshot v1, https://goo.gl/fbAQLP

exports[`Given a Register Page component When it's instantiated Then it should render the Register page 1`] = `
Array [
  <section
    className="sc-bczRLJ DXVGo"
    data-testid="section"
  >
    <img
      alt="backgroundImage"
      className="hero__image"
      src="images/form-background.png"
    />
    <div
      className="hero-container"
    >
      <p
        className="hero-container__sentence"
      >
        Become a soldier of the GameHouse Army. Make your own reviews and receive feedback from other soldiers.
      </p>
    </div>
  </section>,
  <section
    className="sc-hKMtZM bMTXCn"
  >
    <h2
      className="register-title"
    >
      Sign Up
    </h2>
    <div
      className="register-container"
    >
      <div
        className="sc-gsnTZi gKoTxJ"
        data-testid="cardRegister"
      >
        <div
          className="card"
        >
          <span
            className="card__title"
          >
            GameHouse
          </span>
          <div
            className="card__user"
          >
            <ul
              className="card__left-side"
            >
              <li
                className="left-side__info-element"
              />
              <li
                className="left-side__info-element"
              />
              <li
                className="left-side__info-element"
              />
              <li
                className="left-side__info-element"
              />
            </ul>
            <div
              className="card__right-side"
            >
              <img
                alt="avatar"
                className="card__right-side--image"
                height="100px"
                src="https://aui.atlassian.com/aui/latest/docs/images/avatar-person.svg"
                width="100px"
              />
              <span
                className="card__right-side--username"
              />
            </div>
          </div>
        </div>
      </div>
      <form
        autoComplete="off"
        className="sc-dkzDqf iAGa-Di"
        data-testid="formRegister"
        noValidate={true}
        onSubmit={[Function]}
      >
        <label
          className="form__input-container"
          htmlFor="name"
        >
          Name
        </label>
        <input
          className="form__input-element"
          id="name"
          onChange={[Function]}
          placeholder="name"
          type="text"
          value=""
        />
        <label
          className="form__input-container"
          htmlFor="email"
        >
          Email
        </label>
        <input
          className="form__input-element"
          id="email"
          onChange={[Function]}
          placeholder="john@gmail.com"
          type="email"
          value=""
        />
        <label
          className="form__input-container"
          htmlFor="birthdate"
        >
          Birthdate
        </label>
        <input
          className="form__input-element"
          id="birthdate"
          onChange={[Function]}
          placeholder="20/02/2020"
          type="date"
          value=""
        />
        <label
          className="form__input-container"
          htmlFor="location"
        >
          Location
        </label>
        <input
          className="form__input-element"
          id="location"
          onChange={[Function]}
          placeholder="Barcelona"
          type="text"
          value=""
        />
        <label
          className="form__input-container"
          htmlFor="image"
        >
          Image
        </label>
        <input
          className="form__input-element"
          id="image"
          onChange={[Function]}
          type="file"
          value=""
        />
        <label
          className="form__input-container"
          htmlFor="username"
        >
          Username
        </label>
        <input
          className="form__input-element"
          id="username"
          onChange={[Function]}
          placeholder="Gamer123"
          type="text"
          value=""
        />
        <label
          className="form__input-container"
          htmlFor="password"
        >
          Password
        </label>
        <input
          className="form__input-element"
          id="password"
          onChange={[Function]}
          placeholder="********"
          type="password"
          value=""
        />
        <label
          className="form__input-container"
          htmlFor="repeatPassword"
        >
          Repeat Password
        </label>
        <input
          className="form__input-element"
          id="repeatPassword"
          onChange={[Function]}
          placeholder="********"
          type="password"
          value=""
        />
        <button
          className="form-button"
          disabled={true}
          type="submit"
        >
          Register
        </button>
      </form>
    </div>
  </section>,
  ";",
]
`;
